// Jest Snapshot v1, https://goo.gl/fbAQLP

exports[`renders correctly 1`] = `
<View
  style={
    [
      {
        "backgroundColor": "#FFFFFF",
      },
      {
        "backgroundColor": "#E2E8F0",
        "height": 1,
        "marginVertical": 24,
      },
    ]
  }
/>
`;
