// Jest Snapshot v1, https://goo.gl/fbAQLP

exports[`MyView renders correctly 1`] = `
<View
  style={
    [
      {
        "backgroundColor": "#FFFFFF",
      },
      undefined,
    ]
  }
/>
`;
